V3 3
FL C:/Users/Luke/Documents/BI-SAP/dcv1/l2_algebra_4.vhd 2014/03/02.10:43:54 P.15xf
EN work/algebra 1393755519 \
      FL C:/Users/Luke/Documents/BI-SAP/dcv1/l2_algebra_4.vhd \
      PB ieee/std_logic_1164 1335251622 PB ieee/std_logic_arith 1335251623 \
      PB ieee/STD_LOGIC_UNSIGNED 1335251625
AR work/algebra/Behavioral 1393755520 \
      FL C:/Users/Luke/Documents/BI-SAP/dcv1/l2_algebra_4.vhd EN work/algebra 1393755519
