V3 5
FL C:/Users/Luke/Documents/BI-SAP/snake/snake.vhf 2014/03/31.09:01:49 P.15xf
EN work/snake 1396249316 FL C:/Users/Luke/Documents/BI-SAP/snake/snake.vhf \
      PB ieee/std_logic_1164 1335251622 PB ieee/NUMERIC_STD 1335251627 LB UNISIM \
      PH unisim/VCOMPONENTS 1335251629
AR work/snake/BEHAVIORAL 1396249317 \
      FL C:/Users/Luke/Documents/BI-SAP/snake/snake.vhf EN work/snake 1396249316 \
      CP NAND2
