V3 34
FL //samba1/homes/cernypre/Documents/SAP/sequence/debounce.vhd 2014/03/10.12:56:33 P.15xf
FL //samba1/homes/cernypre/Documents/SAP/sequence/l2_algebra_4.vhd 2014/03/10.13:47:40 P.15xf
FL //samba1/homes/cernypre/Documents/SAP/sequence/l2_algebra_4a.vhd 2014/03/10.13:50:28 P.15xf
FL //samba1/homes/cernypre/Documents/SAP/sequence/l2_algebra_4b.vhd 2014/03/10.13:52:58 P.15xf
FL //samba1/homes/cernypre/Documents/SAP/sequence/schema.vhf 2014/03/17.12:44:04 P.15xf
FL //samba1/homes/cernypre/Documents/SAP/sequence2/debounce.vhd 2014/03/10.13:56:33 P.15xf
EN work/debounce 1396267716 \
      FL //samba1/homes/cernypre/Documents/SAP/sequence2/debounce.vhd \
      PB ieee/std_logic_1164 1335251622 PB ieee/STD_LOGIC_UNSIGNED 1335251625
AR work/debounce/arch 1396267717 \
      FL //samba1/homes/cernypre/Documents/SAP/sequence2/debounce.vhd \
      EN work/debounce 1396267716
FL //samba1/homes/cernypre/Documents/SAP/sequence2/l2_algebra_4.vhd 2014/03/10.14:47:40 P.15xf
EN work/Q0 1396268180 \
      FL //samba1/homes/cernypre/Documents/SAP/sequence2/l2_algebra_4.vhd \
      PB ieee/std_logic_1164 1335251622 PB ieee/std_logic_arith 1335251623 \
      PB ieee/STD_LOGIC_UNSIGNED 1335251625
AR work/Q0/Behavioral 1396268181 \
      FL //samba1/homes/cernypre/Documents/SAP/sequence2/l2_algebra_4.vhd \
      EN work/Q0 1396268180
FL //samba1/homes/cernypre/Documents/SAP/sequence2/l2_algebra_4a.vhd 2014/03/10.14:50:28 P.15xf
EN work/Q1 1396268182 \
      FL //samba1/homes/cernypre/Documents/SAP/sequence2/l2_algebra_4a.vhd \
      PB ieee/std_logic_1164 1335251622 PB ieee/std_logic_arith 1335251623 \
      PB ieee/STD_LOGIC_UNSIGNED 1335251625
AR work/Q1/Behavioral 1396268183 \
      FL //samba1/homes/cernypre/Documents/SAP/sequence2/l2_algebra_4a.vhd \
      EN work/Q1 1396268182
FL //samba1/homes/cernypre/Documents/SAP/sequence2/l2_algebra_4b.vhd 2014/03/10.14:52:58 P.15xf
EN work/Q2 1396268184 \
      FL //samba1/homes/cernypre/Documents/SAP/sequence2/l2_algebra_4b.vhd \
      PB ieee/std_logic_1164 1335251622 PB ieee/std_logic_arith 1335251623 \
      PB ieee/STD_LOGIC_UNSIGNED 1335251625
AR work/Q2/Behavioral 1396268185 \
      FL //samba1/homes/cernypre/Documents/SAP/sequence2/l2_algebra_4b.vhd \
      EN work/Q2 1396268184
FL //samba1/homes/cernypre/Documents/SAP/sequence2/schema.vhf 2014/03/31.14:16:51 P.15xf
EN work/D3_8E_MXILINX_schema 1396268186 \
      FL //samba1/homes/cernypre/Documents/SAP/sequence2/schema.vhf \
      PB ieee/std_logic_1164 1335251622 PB ieee/NUMERIC_STD 1335251627 LB UNISIM \
      PH unisim/VCOMPONENTS 1335251629
AR work/D3_8E_MXILINX_schema/BEHAVIORAL 1396268187 \
      FL //samba1/homes/cernypre/Documents/SAP/sequence2/schema.vhf \
      EN work/D3_8E_MXILINX_schema 1396268186 CP AND4 CP AND4B1 CP AND4B2 CP AND4B3
EN work/schema 1396268188 \
      FL //samba1/homes/cernypre/Documents/SAP/sequence2/schema.vhf \
      PB ieee/std_logic_1164 1335251622 PB ieee/NUMERIC_STD 1335251627 LB UNISIM \
      PH unisim/VCOMPONENTS 1335251629
AR work/schema/BEHAVIORAL 1396268189 \
      FL //samba1/homes/cernypre/Documents/SAP/sequence2/schema.vhf \
      EN work/schema 1396268188 CP Q0 CP Q1 CP Q2 CP FDC CP D3_8E_MXILINX_schema \
      CP VCC
