AR segf behavioral C:/Users/Luke/Documents/BI-SAP/segments/segf.vhd sub00/vhpl13 1393763372
AR segd behavioral C:/Users/Luke/Documents/BI-SAP/segments/segd.vhd sub00/vhpl09 1393763348
AR segb behavioral C:/Users/Luke/Documents/BI-SAP/segments/segb.vhd sub00/vhpl05 1393763324
AR algebra behavioral C:/Users/Luke/Documents/BI-SAP/segments/segg.vhd sub00/vhpl01 1393762913
AR segg behavioral C:/Users/Luke/Documents/BI-SAP/segments/segg.vhd sub00/vhpl15 1393763383
AR sege behavioral C:/Users/Luke/Documents/BI-SAP/segments/sege.vhd sub00/vhpl11 1393763360
AR segc behavioral C:/Users/Luke/Documents/BI-SAP/segments/segc.vhd sub00/vhpl07 1393763336
EN sega NULL C:/Users/Luke/Documents/BI-SAP/segments/sega.vhd sub00/vhpl02 1393763138
EN segb NULL C:/Users/Luke/Documents/BI-SAP/segments/segb.vhd sub00/vhpl04 1393763323
EN segc NULL C:/Users/Luke/Documents/BI-SAP/segments/segc.vhd sub00/vhpl06 1393763335
EN segd NULL C:/Users/Luke/Documents/BI-SAP/segments/segd.vhd sub00/vhpl08 1393763347
EN sege NULL C:/Users/Luke/Documents/BI-SAP/segments/sege.vhd sub00/vhpl10 1393763359
EN segf NULL C:/Users/Luke/Documents/BI-SAP/segments/segf.vhd sub00/vhpl12 1393763371
EN segg NULL C:/Users/Luke/Documents/BI-SAP/segments/segg.vhd sub00/vhpl14 1393763382
AR sega behavioral C:/Users/Luke/Documents/BI-SAP/segments/sega.vhd sub00/vhpl03 1393763139
EN algebra NULL C:/Users/Luke/Documents/BI-SAP/segments/segg.vhd sub00/vhpl00 1393762912
