V3 23
FL C:/Users/Luke/Documents/BI-SAP/segments/sega.vhd 2014/03/02.13:24:42 P.15xf
EN work/sega 1393763138 FL C:/Users/Luke/Documents/BI-SAP/segments/sega.vhd \
      PB ieee/std_logic_1164 1335251622 PB ieee/std_logic_arith 1335251623 \
      PB ieee/STD_LOGIC_UNSIGNED 1335251625
AR work/sega/Behavioral 1393763139 \
      FL C:/Users/Luke/Documents/BI-SAP/segments/sega.vhd EN work/sega 1393763138
FL C:/Users/Luke/Documents/BI-SAP/segments/segb.vhd 2014/03/02.13:24:32 P.15xf
EN work/segb 1393763323 FL C:/Users/Luke/Documents/BI-SAP/segments/segb.vhd \
      PB ieee/std_logic_1164 1335251622 PB ieee/std_logic_arith 1335251623 \
      PB ieee/STD_LOGIC_UNSIGNED 1335251625
AR work/segb/Behavioral 1393763324 \
      FL C:/Users/Luke/Documents/BI-SAP/segments/segb.vhd EN work/segb 1393763323
FL C:/Users/Luke/Documents/BI-SAP/segments/segc.vhd 2014/03/02.13:24:22 P.15xf
EN work/segc 1393763335 FL C:/Users/Luke/Documents/BI-SAP/segments/segc.vhd \
      PB ieee/std_logic_1164 1335251622 PB ieee/std_logic_arith 1335251623 \
      PB ieee/STD_LOGIC_UNSIGNED 1335251625
AR work/segc/Behavioral 1393763336 \
      FL C:/Users/Luke/Documents/BI-SAP/segments/segc.vhd EN work/segc 1393763335
FL C:/Users/Luke/Documents/BI-SAP/segments/segd.vhd 2014/03/02.13:25:29 P.15xf
EN work/segd 1393763347 FL C:/Users/Luke/Documents/BI-SAP/segments/segd.vhd \
      PB ieee/std_logic_1164 1335251622 PB ieee/std_logic_arith 1335251623 \
      PB ieee/STD_LOGIC_UNSIGNED 1335251625
AR work/segd/Behavioral 1393763348 \
      FL C:/Users/Luke/Documents/BI-SAP/segments/segd.vhd EN work/segd 1393763347
FL C:/Users/Luke/Documents/BI-SAP/segments/sege.vhd 2014/03/02.13:24:15 P.15xf
EN work/sege 1393763359 FL C:/Users/Luke/Documents/BI-SAP/segments/sege.vhd \
      PB ieee/std_logic_1164 1335251622 PB ieee/std_logic_arith 1335251623 \
      PB ieee/STD_LOGIC_UNSIGNED 1335251625
AR work/sege/Behavioral 1393763360 \
      FL C:/Users/Luke/Documents/BI-SAP/segments/sege.vhd EN work/sege 1393763359
FL C:/Users/Luke/Documents/BI-SAP/segments/segf.vhd 2014/03/02.13:24:53 P.15xf
EN work/segf 1393763371 FL C:/Users/Luke/Documents/BI-SAP/segments/segf.vhd \
      PB ieee/std_logic_1164 1335251622 PB ieee/std_logic_arith 1335251623 \
      PB ieee/STD_LOGIC_UNSIGNED 1335251625
AR work/segf/Behavioral 1393763372 \
      FL C:/Users/Luke/Documents/BI-SAP/segments/segf.vhd EN work/segf 1393763371
FL C:/Users/Luke/Documents/BI-SAP/segments/segg.vhd 2014/03/02.13:24:05 P.15xf
AR work/algebra/Behavioral 1393762913 \
      FL C:/Users/Luke/Documents/BI-SAP/segments/segg.vhd EN work/algebra 1393762912
EN work/segg 1393763382 \
      FL C:/Users/Luke/Documents/BI-SAP/segments/segg.vhd PB ieee/std_logic_1164 1335251622 \
      PB ieee/std_logic_arith 1335251623 PB ieee/STD_LOGIC_UNSIGNED 1335251625
AR work/segg/Behavioral 1393763383 \
      FL C:/Users/Luke/Documents/BI-SAP/segments/segg.vhd EN work/segg 1393763382
